// Jest Snapshot v1, https://goo.gl/fbAQLP

exports[`GifGridItem Component should match snapshot 1`] = `
<div
  className="card"
>
  <img
    alt="Goku"
    src="testUrl"
  />
  <p>
    Goku
  </p>
</div>
`;
